// Jest Snapshot v1, https://goo.gl/fbAQLP

exports[`CustomerCard renders CustomerCard correctly 1`] = `
<View
  style={
    [
      {
        "alignItems": "center",
        "flexDirection": "row",
      },
      {
        "marginTop": 32,
      },
    ]
  }
>
  <View
    style={
      [
        {
          "alignItems": "center",
          "backgroundColor": "#e8f2fb",
          "height": 50,
          "justifyContent": "center",
          "width": 50,
        },
        {
          "marginRight": 16,
        },
      ]
    }
  >
    <Text
      style={
        {
          "fontSize": 16,
          "fontWeight": "bold",
        }
      }
    >
      J
    </Text>
  </View>
  <View
    style={
      {
        "flexDirection": "column",
      }
    }
  >
    <Text
      style={
        {
          "fontSize": 14,
          "fontWeight": "600",
        }
      }
    >
      John Doe
    </Text>
    <Text
      style={
        [
          {
            "color": "grey",
            "fontSize": 14,
          },
          {
            "marginTop": 12,
          },
        ]
      }
    >
      Manager
    </Text>
  </View>
</View>
`;
